protocol.c:26:6:init_configuration	8	static
protocol.c:36:6:transmit_buffer	24	static
protocol.c:44:9:parse_header	0	static
protocol.c:57:9:parse_body	8	static
protocol.c:89:6:register_uid	8	static
protocol.c:99:10:get_bid_high	0	static
protocol.c:105:10:get_bid_medium	0	static
protocol.c:111:10:get_bid_low	0	static
protocol.c:117:6:transmit_header	16	static
protocol.c:128:6:transmit_body	16	static
protocol.c:166:6:write_mem_values	8	static
protocol.c:176:6:transmit_ACK	0	static
protocol.c:185:13:header_handler	16	static
protocol.c:293:13:body_handler	8	static
