stm32l1xx_hal_uart.c:2728:13:UART_EndRxTransfer	0	static
stm32l1xx_hal_uart.c:3055:13:UART_SetConfig	8	static
stm32l1xx_hal_uart.c:2682:26:UART_WaitOnFlagUntilTimeout.constprop	24	static
stm32l1xx_hal_uart.c:663:13:HAL_UART_MspInit	0	static
stm32l1xx_hal_uart.c:313:19:HAL_UART_Init	8	static
stm32l1xx_hal_uart.c:388:19:HAL_HalfDuplex_Init	8	static
stm32l1xx_hal_uart.c:461:19:HAL_LIN_Init	16	static
stm32l1xx_hal_uart.c:542:19:HAL_MultiProcessor_Init	16	static
stm32l1xx_hal_uart.c:678:13:HAL_UART_MspDeInit	0	static
stm32l1xx_hal_uart.c:619:19:HAL_UART_DeInit	8	static
stm32l1xx_hal_uart.c:1018:19:HAL_UART_Transmit	32	static
stm32l1xx_hal_uart.c:1104:19:HAL_UART_Receive	32	static
stm32l1xx_hal_uart.c:1195:19:HAL_UART_Transmit_IT	0	static
stm32l1xx_hal_uart.c:1240:19:HAL_UART_Receive_IT	0	static
stm32l1xx_hal_uart.c:1291:19:HAL_UART_Transmit_DMA	16	static
stm32l1xx_hal_uart.c:1359:19:HAL_UART_Receive_DMA	24	static
stm32l1xx_hal_uart.c:1426:19:HAL_UART_DMAPause	0	static
stm32l1xx_hal_uart.c:1463:19:HAL_UART_DMAResume	8	static
stm32l1xx_hal_uart.c:1499:19:HAL_UART_DMAStop	8	static
stm32l1xx_hal_uart.c:1551:19:HAL_UART_Abort	8	static
stm32l1xx_hal_uart.c:1633:19:HAL_UART_AbortTransmit	8	static
stm32l1xx_hal_uart.c:1684:19:HAL_UART_AbortReceive	8	static
stm32l1xx_hal_uart.c:2159:13:HAL_UART_TxCpltCallback	0	static
stm32l1xx_hal_uart.c:2534:13:UART_DMATransmitCplt	8	static
stm32l1xx_hal_uart.c:2174:13:HAL_UART_TxHalfCpltCallback	0	static
stm32l1xx_hal_uart.c:2569:13:UART_DMATxHalfCplt	8	static
stm32l1xx_hal_uart.c:2189:13:HAL_UART_RxCpltCallback	0	static
stm32l1xx_hal_uart.c:2588:13:UART_DMAReceiveCplt	8	static
stm32l1xx_hal_uart.c:2984:26:UART_Receive_IT	8	static
stm32l1xx_hal_uart.c:2204:13:HAL_UART_RxHalfCpltCallback	0	static
stm32l1xx_hal_uart.c:2622:13:UART_DMARxHalfCplt	8	static
stm32l1xx_hal_uart.c:2219:13:HAL_UART_ErrorCallback	0	static
stm32l1xx_hal_uart.c:2641:13:UART_DMAError	8	static
stm32l1xx_hal_uart.c:2013:6:HAL_UART_IRQHandler	16	static
stm32l1xx_hal_uart.c:2745:13:UART_DMAAbortOnError	8	static
stm32l1xx_hal_uart.c:2233:13:HAL_UART_AbortCpltCallback	0	static
stm32l1xx_hal_uart.c:1738:19:HAL_UART_Abort_IT	8	static
stm32l1xx_hal_uart.c:2814:13:UART_DMARxAbortCallback	8	static
stm32l1xx_hal_uart.c:2769:13:UART_DMATxAbortCallback	8	static
stm32l1xx_hal_uart.c:2248:13:HAL_UART_AbortTransmitCpltCallback	0	static
stm32l1xx_hal_uart.c:1866:19:HAL_UART_AbortTransmit_IT	8	static
stm32l1xx_hal_uart.c:2859:13:UART_DMATxOnlyAbortCallback	8	static
stm32l1xx_hal_uart.c:2263:13:HAL_UART_AbortReceiveCpltCallback	0	static
stm32l1xx_hal_uart.c:1943:19:HAL_UART_AbortReceive_IT	8	static
stm32l1xx_hal_uart.c:2887:13:UART_DMARxOnlyAbortCallback	8	static
stm32l1xx_hal_uart.c:2302:19:HAL_LIN_SendBreak	0	static
stm32l1xx_hal_uart.c:2329:19:HAL_MultiProcessor_EnterMuteMode	0	static
stm32l1xx_hal_uart.c:2356:19:HAL_MultiProcessor_ExitMuteMode	0	static
stm32l1xx_hal_uart.c:2383:19:HAL_HalfDuplex_EnableTransmitter	0	static
stm32l1xx_hal_uart.c:2418:19:HAL_HalfDuplex_EnableReceiver	0	static
stm32l1xx_hal_uart.c:2475:23:HAL_UART_GetState	0	static
stm32l1xx_hal_uart.c:2490:10:HAL_UART_GetError	0	static
