stm32l1xx_hal_rcc_ex.c:92:19:HAL_RCCEx_PeriphCLKConfig	32	static
stm32l1xx_hal_rcc_ex.c:221:6:HAL_RCCEx_GetPeriphCLKConfig	0	static
stm32l1xx_hal_rcc_ex.c:258:10:HAL_RCCEx_GetPeriphCLKFreq	0	static
stm32l1xx_hal_rcc_ex.c:350:6:HAL_RCCEx_EnableLSECSS	0	static
stm32l1xx_hal_rcc_ex.c:363:6:HAL_RCCEx_DisableLSECSS	0	static
stm32l1xx_hal_rcc_ex.c:377:6:HAL_RCCEx_EnableLSECSS_IT	0	static
stm32l1xx_hal_rcc_ex.c:411:13:HAL_RCCEx_LSECSS_Callback	0	static
stm32l1xx_hal_rcc_ex.c:394:6:HAL_RCCEx_LSECSS_IRQHandler	8	static
