protocol.c:26:6:init_configuration	8	static
protocol.c:36:6:transmit_buffer	24	static
protocol.c:44:9:parse_header	16	static
protocol.c:57:9:parse_body	24	static
protocol.c:89:6:register_uid	8	static
protocol.c:99:10:get_bid_high	16	static
protocol.c:105:10:get_bid_medium	16	static
protocol.c:111:10:get_bid_low	16	static
protocol.c:117:6:transmit_header	16	static
protocol.c:128:6:transmit_body	32	static
protocol.c:167:6:write_mem_values	32	static
protocol.c:178:6:transmit_ACK	16	static
protocol.c:187:13:header_handler	24	static
protocol.c:295:13:body_handler	16	static
