protocol.c:26:6:init_configuration	8	static
protocol.c:36:6:transmit_buffer	24	static
protocol.c:44:9:parse_header	16	static
protocol.c:57:9:parse_body	24	static
protocol.c:92:6:register_uid	8	static
protocol.c:102:10:get_bid_high	16	static
protocol.c:108:10:get_bid_medium	16	static
protocol.c:114:10:get_bid_low	16	static
protocol.c:120:6:transmit_header	16	static
protocol.c:131:6:transmit_body	24	static
protocol.c:169:6:write_mem_values	24	static
protocol.c:179:6:transmit_ACK	16	static
protocol.c:188:13:header_handler	24	static
protocol.c:296:13:body_handler	16	static
